Processing ex_bringup_s3 (board: esp32-s3-devkitc-1; platform: espressif32; framework: arduino)
--------------------------------------------------------------------------------
Verbose mode can be enabled via `-v, --verbose` option
Generated C:\Users\HonzovoSpectre\Documents\Projects\RV3032-C7\include\RV3032\Version.h with version 1.1.0
CONFIGURATION: https://docs.platformio.org/page/boards/espressif32/esp32-s3-devkitc-1.html
PLATFORM: Espressif 32 (6.12.0) > Espressif ESP32-S3-DevKitC-1-N8 (8 MB QD, No PSRAM)
HARDWARE: ESP32S3 240MHz, 320KB RAM, 8MB Flash
DEBUG: Current (esp-prog) On-board (esp-builtin) External (cmsis-dap, esp-bridge, esp-prog, iot-bus-jtag, jlink, minimodule, olimex-arm-usb-ocd, olimex-arm-usb-ocd-h, olimex-arm-usb-tiny-h, olimex-jtag-tiny, tumpa)
PACKAGES: 
 - framework-arduinoespressif32 @ 3.20017.241212+sha.dcc1105b 
 - tool-esptoolpy @ 2.40900.250804 (4.9.0) 
 - toolchain-riscv32-esp @ 8.4.0+2021r2-patch5 
 - toolchain-xtensa-esp32s3 @ 8.4.0+2021r2-patch5
LDF: Library Dependency Finder -> https://bit.ly/configure-pio-ldf
LDF Modes: Finder ~ chain, Compatibility ~ soft
Found 33 compatible libraries
Scanning dependencies...
Dependency Graph
|-- Wire @ 2.0.0
Building in release mode
Compiling .pio\build\ex_bringup_s3\src\examples\01_basic_bringup_cli\main.cpp.o
Linking .pio\build\ex_bringup_s3\firmware.elf
Retrieving maximum program size .pio\build\ex_bringup_s3\firmware.elf
Checking size .pio\build\ex_bringup_s3\firmware.elf
Advanced Memory Usage is available via "PlatformIO Home > Project Inspect"
RAM:   [=         ]   5.9% (used 19260 bytes from 327680 bytes)
Flash: [=         ]   9.8% (used 327713 bytes from 3342336 bytes)
Building .pio\build\ex_bringup_s3\firmware.bin
esptool.py v4.9.0
Creating esp32s3 image...
Merged 2 ELF sections
Successfully created esp32s3 image.
========================= [SUCCESS] Took 5.32 seconds =========================

Processing ex_bringup_s2 (board: esp32-s2-saola-1; platform: espressif32; framework: arduino)
--------------------------------------------------------------------------------
Verbose mode can be enabled via `-v, --verbose` option
Generated C:\Users\HonzovoSpectre\Documents\Projects\RV3032-C7\include\RV3032\Version.h with version 1.1.0
CONFIGURATION: https://docs.platformio.org/page/boards/espressif32/esp32-s2-saola-1.html
PLATFORM: Espressif 32 (6.12.0) > Espressif ESP32-S2-Saola-1
HARDWARE: ESP32S2 240MHz, 320KB RAM, 4MB Flash
DEBUG: Current (esp-prog) External (cmsis-dap, esp-bridge, esp-prog, iot-bus-jtag, jlink, minimodule, olimex-arm-usb-ocd, olimex-arm-usb-ocd-h, olimex-arm-usb-tiny-h, olimex-jtag-tiny, tumpa)
PACKAGES: 
 - framework-arduinoespressif32 @ 3.20017.241212+sha.dcc1105b 
 - tool-esptoolpy @ 2.40900.250804 (4.9.0) 
 - toolchain-riscv32-esp @ 8.4.0+2021r2-patch5 
 - toolchain-xtensa-esp32s2 @ 8.4.0+2021r2-patch5
LDF: Library Dependency Finder -> https://bit.ly/configure-pio-ldf
LDF Modes: Finder ~ chain, Compatibility ~ soft
Found 33 compatible libraries
Scanning dependencies...
Dependency Graph
|-- Wire @ 2.0.0
Building in release mode
Compiling .pio\build\ex_bringup_s2\src\examples\01_basic_bringup_cli\main.cpp.o
Linking .pio\build\ex_bringup_s2\firmware.elf
Retrieving maximum program size .pio\build\ex_bringup_s2\firmware.elf
Checking size .pio\build\ex_bringup_s2\firmware.elf
Advanced Memory Usage is available via "PlatformIO Home > Project Inspect"
RAM:   [          ]   4.6% (used 15176 bytes from 327680 bytes)
Flash: [==        ]  22.7% (used 298074 bytes from 1310720 bytes)
Building .pio\build\ex_bringup_s2\firmware.bin
esptool.py v4.9.0
Creating esp32s2 image...
Merged 2 ELF sections
Successfully created esp32s2 image.
========================= [SUCCESS] Took 3.38 seconds =========================

Environment    Status    Duration
-------------  --------  ------------
ex_bringup_s3  SUCCESS   00:00:05.319
ex_bringup_s2  SUCCESS   00:00:03.376
========================= 2 succeeded in 00:00:08.694 =========================
